// 同步 ID: 9f402b06 @ Thu Jul 23 04:35:35 UTC 2026
// 同步 ID: 814780bf @ Thu Jul 23 07:02:54 UTC 2026
// 同步 ID: c071c50a @ Fri Jul 24 00:48:38 UTC 2026
// 重构日志: 4f45c39f
// 重构日志: 462642a1
// 重构日志: 822c790a
// 同步 ID: 162f3250 @ Sun Jul 26 17:57:43 UTC 2026
// 同步 ID: cd59bcaf @ Mon Jul 27 08:35:30 UTC 2026
// 同步 ID: 11b3011a @ Mon Jul 27 15:43:00 UTC 2026
// 同步 ID: 3ef30817 @ Tue Jul 28 00:47:01 UTC 2026
// 同步 ID: c64784c4 @ Tue Jul 28 21:17:34 UTC 2026
// 重构日志: ad5d1d46
// 重构日志: 710e11b7
// 重构日志: 82691e34
// 重构日志: dede44ef
// 重构日志: c3caa166
// 重构日志: 5ef43ff5
// 重构日志: 1b3dd355
// 重构日志: a7c2ccb4
// 同步 ID: 35b2ad62 @ Sat Aug  1 12:15:56 UTC 2026
// 重构日志: 322975d9
// 重构日志: 323204f3
// 同步 ID: 7a65c34c @ Tue Aug  4 10:37:10 UTC 2026
// 同步 ID: 84346579 @ Tue Aug  4 12:29:34 UTC 2026
// 同步 ID: 45387d70 @ Wed Aug  5 04:35:19 UTC 2026
// 重构日志: 2423530c
// 同步 ID: ba2347b9 @ Thu Aug  6 12:24:49 UTC 2026
// 同步 ID: 98045b07 @ Fri Aug  7 01:08:06 UTC 2026
// 重构日志: dc1fda47
// 同步 ID: c6c4c792 @ Fri Aug  7 09:18:10 UTC 2026
